// Jest Snapshot v1, https://goo.gl/fbAQLP

exports[`should render ExpenseList 1`] = `
<div>
  <ExpenseListItem
    amount={195}
    createdAt={0}
    description="gum"
    id="1"
    key="1"
    note=""
  />
  <ExpenseListItem
    amount={150}
    createdAt={-345600000}
    description="knife"
    id="2"
    key="2"
    note=""
  />
  <ExpenseListItem
    amount={420}
    createdAt={345600000}
    description="dog"
    id="3"
    key="3"
    note=""
  />
</div>
`;

exports[`should render paragraph when no expense are found 1`] = `
<div>
  <p>
    No expenses found
  </p>
</div>
`;
